// Jest Snapshot v1, https://goo.gl/fbAQLP

exports[`Renders correctly with no pets 1`] = `
<div>
  <h1>
    No Pets found
  </h1>
</div>
`;
